Fare
1041.00
Discount
0.00
Net┬áfare
1041.00
Convenience┬ácharges
0.00
Airport┬áConvenience┬áFees
0.00
Parking┬ácharges
0.00
Total┬áamount
1041.00
Taxes
52.07
Toll┬ácharges
0.00
Total┬áamount┬ápayable
1094.00
07:09┬áAM┬á
A┬¡126,Block┬áEC,Inder┬áPuri,New┬áDelhi,Delhi
110012,India┬á
08:23┬áAM┬á
Delta┬áElectronics┬áIndia┬áPvt┬áLtd
Distance(Kms)
44.9
Wait┬átime┬á(hh:mm)
00:15
Cab┬átype
Comfort
TRIP┬áREPORT┬á
Thank┬áyou┬áfor┬áriding┬áwith┬áAlyte.
Report┬áSr.┬áNo.┬áM55979318
Trip┬ádate:┬á16┬áApr┬á2026
Fare┬ápayable┬á
Γé╣┬á1094.00
Customer┬á
Name
Booking
Ref.┬áNo.
Cab
No.
Mobile
No.
Abhinav┬ásharma
67365353
DL52GD7850
9999421992
Fare┬áBreakdown
ExactoMeter┬áTrip┬áDetails
Visit┬áT&C┬áfor┬ámore┬áinformation┬á
Click┬áhere to┬ádownload┬ádetailed┬áinvoice

